../Core/Src/main.c:89:5:main	16	static
../Core/Src/main.c:172:6:SystemClock_Config	152	static
../Core/Src/main.c:229:13:MX_I2C1_SMBUS_Init	8	static
../Core/Src/main.c:273:13:MX_SPI1_Init	8	static
../Core/Src/main.c:313:13:MX_TIM1_Init	56	static
../Core/Src/main.c:379:13:MX_TIM2_Init	56	static
../Core/Src/main.c:441:13:MX_USART1_UART_Init	8	static
../Core/Src/main.c:476:13:MX_USART2_UART_Init	8	static
../Core/Src/main.c:511:13:MX_GPIO_Init	40	static
../Core/Src/main.c:549:6:Error_Handler	4	static,ignoring_inline_asm
